2026-09-21 15:11:23,967 [DEBUG] connect_tcp.started host='zxoohocfruhplrtoimab.supabase.co' port=443 local_address=None timeout=120 socket_options=None
2026-09-21 15:11:24,020 [DEBUG] connect_tcp.complete return_value=<httpcore._backends.sync.SyncStream object at 0x00000220024E96A0>
2026-09-21 15:11:24,020 [DEBUG] start_tls.started ssl_context=<ssl.SSLContext object at 0x0000022002509490> server_hostname='zxoohocfruhplrtoimab.supabase.co' timeout=120
2026-09-21 15:11:24,128 [DEBUG] start_tls.complete return_value=<httpcore._backends.sync.SyncStream object at 0x0000022002510F50>
2026-09-21 15:11:24,129 [DEBUG] send_connection_init.started request=<Request [b'GET']>
2026-09-21 15:11:24,129 [DEBUG] send_connection_init.complete
2026-09-21 15:11:24,129 [DEBUG] send_request_headers.started request=<Request [b'GET']> stream_id=1
2026-09-21 15:11:24,129 [DEBUG] Adding b':method'=b'GET' to the header table, sensitive:False, huffman:True
2026-09-21 15:11:24,130 [DEBUG] Encoding 2 with 7 bits
2026-09-21 15:11:24,130 [DEBUG] Adding b':authority'=b'zxoohocfruhplrtoimab.supabase.co' to the header table, sensitive:False, huffman:True
2026-09-21 15:11:24,130 [DEBUG] Encoding 1 with 6 bits
2026-09-21 15:11:24,130 [DEBUG] Encoding 23 with 7 bits
2026-09-21 15:11:24,130 [DEBUG] Adding b':scheme'=b'https' to the header table, sensitive:False, huffman:True
2026-09-21 15:11:24,130 [DEBUG] Encoding 7 with 7 bits
2026-09-21 15:11:24,130 [DEBUG] Adding b':path'=b'/rest/v1/profiles?select=%2A&user_id=eq.922f3246-6176-47f6-9888-6d5439102567' to the header table, sensitive:False, huffman:True
2026-09-21 15:11:24,130 [DEBUG] Encoding 4 with 6 bits
2026-09-21 15:11:24,130 [DEBUG] Encoding 55 with 7 bits
2026-09-21 15:11:24,130 [DEBUG] Adding b'accept'=b'*/*' to the header table, sensitive:False, huffman:True
2026-09-21 15:11:24,130 [DEBUG] Encoding 19 with 6 bits
2026-09-21 15:11:24,131 [DEBUG] Encoding 3 with 7 bits
2026-09-21 15:11:24,131 [DEBUG] Adding b'accept-encoding'=b'gzip, deflate' to the header table, sensitive:False, huffman:True
2026-09-21 15:11:24,131 [DEBUG] Encoding 16 with 7 bits
2026-09-21 15:11:24,131 [DEBUG] Adding b'user-agent'=b'python-httpx/0.28.1' to the header table, sensitive:False, huffman:True
2026-09-21 15:11:24,131 [DEBUG] Encoding 58 with 6 bits
2026-09-21 15:11:24,131 [DEBUG] Encoding 14 with 7 bits
2026-09-21 15:11:24,131 [DEBUG] Adding b'x-client-info'=b'supabase-py/2.31.0; platform=Windows; platform-version=11; runtime=python; runtime-version=3.13.0' to the header table, sensitive:False, huffman:True
2026-09-21 15:11:24,131 [DEBUG] Encoding 10 with 7 bits
2026-09-21 15:11:24,131 [DEBUG] Encoding 70 with 7 bits
2026-09-21 15:11:24,132 [DEBUG] Adding b'apikey'=b'sb_publishable_DFTp79O8QeDPqjBZziJvFg_QR6XXJpl' to the header table, sensitive:False, huffman:True
2026-09-21 15:11:24,132 [DEBUG] Encoding 5 with 7 bits
2026-09-21 15:11:24,132 [DEBUG] Encoding 37 with 7 bits
2026-09-21 15:11:24,132 [DEBUG] Adding b'authorization'=b'SENSITIVE_REDACTED' to the header table, sensitive:True, huffman:True
2026-09-21 15:11:24,132 [DEBUG] Encoding 23 with 4 bits
2026-09-21 15:11:24,132 [DEBUG] Encoding 42 with 7 bits
2026-09-21 15:11:24,133 [DEBUG] Adding b'accept-profile'=b'public' to the header table, sensitive:False, huffman:True
2026-09-21 15:11:24,133 [DEBUG] Encoding 10 with 7 bits
2026-09-21 15:11:24,133 [DEBUG] Encoding 5 with 7 bits
2026-09-21 15:11:24,133 [DEBUG] Adding b'content-profile'=b'public' to the header table, sensitive:False, huffman:True
2026-09-21 15:11:24,133 [DEBUG] Encoding 11 with 7 bits
2026-09-21 15:11:24,133 [DEBUG] Encoding 5 with 7 bits
2026-09-21 15:11:24,133 [DEBUG] Encoded header block to b"\x82A\x97\xf7\xe4\xe7\x9c\xe4\x96\xcbg\xae\x8b\x12sR8\xd7E\xb5\x8e1\xa0\xab\x90\xff\x87D\xb7b\xc2\xa1,w\x0b\x15\xd8yMAQ\xfe \xb4\x14\x89\x81QC\xf1j\x0bdF\x92\x02\xf6]\xf1\nVD\xd3\x8b8\x17\\Y\xa7eqg\xdey\xe5\x9c\x91\xb6\x99| \x13n;S\x83\xf9c\xe7\x90z\x8e\xaf\xd2g=KN\x94\xd7\xe5\x80.'\x97\x0f@\x8a\xf2\xb1(1jJ\xc6\xaaS\xff\xc6E\xb5\x8e1\xa0\xabW\xe9\x81.\xc8W\x07\xda\x95\xd04\xca{)\x83\x91\xaa\x90\xfe\x11\xf6\xa5t\r2\x9e\xcaV\xee[\x10c\xd5\x00C\xf6\xa5\x96\xd4\x93RX+\xf4\x99\xcfW\xda\x96[RMIV\xee[\x10c\xd5\x03+\x85\x95\xc1@\x85\x1df\xea__\xa5DqWlt\x19\x13\x8e:\x0b\x15\xfc;\xebu\xfdOl-\xfd}\xba]\xfd\xf6l\xbd\xf0\xcd\x16\xcd\xae~~e\xae\x8f\x1f\x08\xaa\xbaQ\xd8[\x14DqWlt\x19\x13\x8e:\x0b\x15\xfc;\xebu\xfdOl-\xfd}\xba]\xfd\xf6l\xbd\xf0\xcd\x16\xcd\xae~~e\xae\x8f@\x8a\x19\x08Z\xd2\xb5v\x1eSP_\x85\xae\xd8\xe81?@\x8b!\xeaIjJ\xd5\xd8yMA\x7f\x85\xae\xd8\xe81?"
2026-09-21 15:11:24,134 [DEBUG] send_request_headers.complete
2026-09-21 15:11:24,134 [DEBUG] send_request_body.started request=<Request [b'GET']> stream_id=1
2026-09-21 15:11:24,134 [DEBUG] send_request_body.complete
2026-09-21 15:11:24,134 [DEBUG] receive_response_headers.started request=<Request [b'GET']> stream_id=1
2026-09-21 15:11:24,150 [DEBUG] receive_remote_settings.started
2026-09-21 15:11:24,150 [DEBUG] receive_remote_settings.complete return_value=<RemoteSettingsChanged changed_settings:{ChangedSetting(setting=3, original_value=None, new_value=100), ChangedSetting(setting=4, original_value=65535, new_value=65536), ChangedSetting(setting=5, original_value=16384, new_value=16777215)}>
2026-09-21 15:11:24,220 [DEBUG] Decoding b'?\xe1\x1f\x88a\x96\xd0z\xbe\x94\x10T\xdcZ\xd4\x10\x04\xe2\x81f\xe0CpO)\x8bF\xff_\x96\x1du\xd0b\r&=LtA\xea\xfbP\x93\x8e\xc4\x150Z\x99V{^\x84\x02\xc0c\xe7@\x85$\xabX?_\x8f\x1b%}\xb0\x15\xa6\x9ei\xd7\x9b\x94\xab^\xbf\x8b@\x8a$\xab\x10d\x9c\xab!#M\xa8\x86\xbf\xcfL:2^Z\x83\x9b\xd9\xab]\xb2b\xbb\x0f)\xa8*?\xc4\x16\x82\x910*(~-Al\x88\xd2@^\xcb\xbe!J\xc8\x9aqg\x02\xeb\x8b4\xec\xae,\xfb\xcf<\xb3\x926\xd3/\x84\x02m\xc7\x7fv\x87%\x07\xb6Ih\x1d\x85x\xa0\xa4~V\x1c\xc5\x81\x90\xb6\xcb\x80\x00>\xd45D\xa2\xd9\x0b\xba\xd8\xef\x9e\x91\x9a\xa4}\xa9]\x85\xa0\xe3\x93{\x8b\x84\x84-i[\x05D<\x86\xaao@\x90\xf2\xb1\x0fRKRVO\xaa\xca\xb1\xebI\x8fR?\x85\xa8\xe8\xa8\xd2\xcb@\x8b!\xeaIjJ\xd5\xd8yMA\x7f\x85\xae\xd8\xe81?@\x8dDkL4\x97\xc0\xfd-\xdc\xb6 \xc7\xab\x011@\x8aDkWa\xfa\x14\x89Z\xc2\xcb\x8f\xf7\xe4\xe7\x9c\xe4\x96\xcbg\xae\x8b\x12sR8\xff@\x8aDkX^\xd6\x95\tX\xd2\x7f\x99\x00F\x024\x17V \xe3\n\xce\xb8Y\x16\x18[ef\xdfd\x0e\x80\xa5\x91\x97\xc5@\x8f\xf2\xb1j\xee\x7fK\r)-5\xa5b\x1e\xda\x93\x011@\x95\xf2\xb1j\xee\x7fK[Z\x13aGJ\xc8-\x9d\xccB\xac\x93R_\x0218w\xffn\x8a"K\x14t\xc0\xd5\x1e\xb2\xaf\xbf\x80\xe5\xb6\xcc<\x99\xef\xae\xef]\x11t\x05\xe3[[\xf6f\xe0\x1e\xbe\xb5\xf0{v\x17\x9a4\'X.\xbc\xfb\xef\xb8\'\x9e]\xc7\x99m\x96D\xb0W\x02\xe1\\+~\xed\xdeY7\xa7V\x12\xc9/L\xfcz\xc7\xb2\xf3\xcd\xfb\xf7\xfb\x9e\xc3\xda\xd4YS&\x18\xf2\xf6>\xbf4]\xe5\xce\xcf\t\xebo\xac\xd6\xcb_\xa7\xbb_\xe7S\xf8\x9d\xcfI:\xe4@\xb3~i\xcf\xd7B\xf0\xe3\xf6\xdb\xd1\x00\xb8\xe3\x06\x1bx\xa3\xc2"\xb0\x9c7\x9f\xf3\xf0\xcd\x0ffge\xfdse\x9ey\xf6\xa6|\xedcN\xd6}#\x87\xaf\xb51\xa55\xea\xaa\x8f_jn\x1d%\xdcd\x96\r\'\xa8\xbfjn)-\xb0\xbfjk\x1ag\x81\x8f\xb5/\x9e\x91\x9a\xa8\x11mc\x8ch*\xe4?\xda\x98<\xd6k\n\x884\x1e\xaf\xa5\x04\x157\x16\xb5\x04\x018\xa0Y\xb8\xd0n\t\xe51h\xdf@\x85\x1d\tY\x1d\xc9\x90\x9d\x98?\x9b\x8d4\xcf\xf3\xf6\xa5#\x81\xe7\x1a\x00?'
2026-09-21 15:11:24,220 [DEBUG] Decoded 4096, consumed 3 bytes
2026-09-21 15:11:24,220 [DEBUG] Resizing header table to 4096 from 4096
2026-09-21 15:11:24,221 [DEBUG] Decoded 8, consumed 1 bytes
2026-09-21 15:11:24,221 [DEBUG] Decoded (b':status', b'200'), consumed 1
2026-09-21 15:11:24,221 [DEBUG] Decoded 33, consumed 1 bytes
2026-09-21 15:11:24,221 [DEBUG] Decoded 22, consumed 1 bytes
2026-09-21 15:11:24,221 [DEBUG] Decoded (b'date', b'Mon, 21 Sep 2026 13:11:28 GMT'), total consumed 24 bytes, indexed True
2026-09-21 15:11:24,221 [DEBUG] Decoded 31, consumed 1 bytes
2026-09-21 15:11:24,221 [DEBUG] Decoded 22, consumed 1 bytes
2026-09-21 15:11:24,221 [DEBUG] Decoded (b'content-type', b'application/json; charset=utf-8'), total consumed 24 bytes, indexed True
2026-09-21 15:11:24,221 [DEBUG] Decoded 30, consumed 1 bytes
2026-09-21 15:11:24,221 [DEBUG] Decoded 4, consumed 1 bytes
2026-09-21 15:11:24,222 [DEBUG] Decoded (b'content-range', b'0-0/*'), total consumed 6 bytes, indexed True
2026-09-21 15:11:24,222 [DEBUG] Decoded 5, consumed 1 bytes
2026-09-21 15:11:24,222 [DEBUG] Decoded 15, consumed 1 bytes
2026-09-21 15:11:24,222 [DEBUG] Decoded (b'cf-ray', b'a3e950e4484785fe-CDG'), total consumed 23 bytes, indexed True
2026-09-21 15:11:24,222 [DEBUG] Decoded 10, consumed 1 bytes
2026-09-21 15:11:24,222 [DEBUG] Decoded 6, consumed 1 bytes
2026-09-21 15:11:24,222 [DEBUG] Decoded (b'cf-cache-status', b'DYNAMIC'), total consumed 19 bytes, indexed True
2026-09-21 15:11:24,222 [DEBUG] Decoded 26, consumed 1 bytes
2026-09-21 15:11:24,223 [DEBUG] Decoded 3, consumed 1 bytes
2026-09-21 15:11:24,223 [DEBUG] Decoded (b'content-encoding', b'gzip'), total consumed 5 bytes, indexed True
2026-09-21 15:11:24,223 [DEBUG] Decoded 29, consumed 1 bytes
2026-09-21 15:11:24,223 [DEBUG] Decoded 50, consumed 1 bytes
2026-09-21 15:11:24,223 [DEBUG] Decoded (b'content-location', b'/profiles?select=%2A&user_id=eq.922f3246-6176-47f6-9888-6d5439102567'), total consumed 52 bytes, indexed True
2026-09-21 15:11:24,223 [DEBUG] Decoded 54, consumed 1 bytes
2026-09-21 15:11:24,223 [DEBUG] Decoded 7, consumed 1 bytes
2026-09-21 15:11:24,224 [DEBUG] Decoded (b'server', b'cloudflare'), total consumed 9 bytes, indexed True
2026-09-21 15:11:24,224 [DEBUG] Decoded 56, consumed 1 bytes
2026-09-21 15:11:24,224 [DEBUG] Decoded 32, consumed 1 bytes
2026-09-21 15:11:24,224 [DEBUG] Decoded (b'strict-transport-security', b'max-age=31536000; includeSubDomains; preload'), total consumed 34 bytes, indexed True
2026-09-21 15:11:24,224 [DEBUG] Decoded 59, consumed 1 bytes
2026-09-21 15:11:24,224 [DEBUG] Decoded 11, consumed 1 bytes
2026-09-21 15:11:24,224 [DEBUG] Decoded (b'vary', b'Accept-Encoding'), total consumed 13 bytes, indexed True
2026-09-21 15:11:24,224 [DEBUG] Decoded 16, consumed 1 bytes
2026-09-21 15:11:24,224 [DEBUG] Decoded 5, consumed 1 bytes
2026-09-21 15:11:24,224 [DEBUG] Decoded (b'x-content-type-options', b'nosniff'), total consumed 24 bytes, indexed True
2026-09-21 15:11:24,224 [DEBUG] Decoded 11, consumed 1 bytes
2026-09-21 15:11:24,225 [DEBUG] Decoded 5, consumed 1 bytes
2026-09-21 15:11:24,225 [DEBUG] Decoded (b'content-profile', b'public'), total consumed 19 bytes, indexed True
2026-09-21 15:11:24,225 [DEBUG] Decoded 13, consumed 1 bytes
2026-09-21 15:11:24,225 [DEBUG] Decoded 1, consumed 1 bytes
2026-09-21 15:11:24,225 [DEBUG] Decoded (b'sb-gateway-version', b'1'), total consumed 17 bytes, indexed True
2026-09-21 15:11:24,225 [DEBUG] Decoded 10, consumed 1 bytes
2026-09-21 15:11:24,225 [DEBUG] Decoded 15, consumed 1 bytes
2026-09-21 15:11:24,225 [DEBUG] Decoded (b'sb-project-ref', b'zxoohocfruhplrtoimab'), total consumed 28 bytes, indexed True
2026-09-21 15:11:24,225 [DEBUG] Decoded 10, consumed 1 bytes
2026-09-21 15:11:24,225 [DEBUG] Decoded 25, consumed 1 bytes
2026-09-21 15:11:24,225 [DEBUG] Decoded (b'sb-request-id', b'01a0c417-cab1-76ed-a153-593070eed392'), total consumed 38 bytes, indexed True
2026-09-21 15:11:24,226 [DEBUG] Decoded 15, consumed 1 bytes
2026-09-21 15:11:24,226 [DEBUG] Decoded 1, consumed 1 bytes
2026-09-21 15:11:24,226 [DEBUG] Decoded (b'x-envoy-attempt-count', b'1'), total consumed 19 bytes, indexed True
2026-09-21 15:11:24,226 [DEBUG] Decoded 21, consumed 1 bytes
2026-09-21 15:11:24,226 [DEBUG] Decoded 2, consumed 1 bytes
2026-09-21 15:11:24,226 [DEBUG] Decoded (b'x-envoy-upstream-service-time', b'18'), total consumed 26 bytes, indexed True
2026-09-21 15:11:24,226 [DEBUG] Decoded 55, consumed 1 bytes
2026-09-21 15:11:24,226 [DEBUG] Decoded 237, consumed 2 bytes
2026-09-21 15:11:24,226 [DEBUG] Decoded (b'set-cookie', b'__cf_bm=4lyJ.TUafurFW3vPBkM_j0Ciup9rKU1kyPU8SF84iAo-1789996288.6835332-1.0.1.1-ZRTedTtOFedfjLVkbQC85zzZLrou4_JtdFbJqoPxlBWYrwtkuyKufpy8qDYn9G7LmckIs2KXNLkM.AHz58_0eHb0FuVsws_rcUToXXi4aQK7fZ6QrxYqmhL4HtR3ysUy; HttpOnly; SameSite=None; Secure; Path=/; Domain=supabase.co; Expires=Mon, 21 Sep 2026 13:41:28 GMT'), total consumed 240 bytes, indexed True
2026-09-21 15:11:24,226 [DEBUG] Decoded 5, consumed 1 bytes
2026-09-21 15:11:24,227 [DEBUG] Decoded 16, consumed 1 bytes
2026-09-21 15:11:24,227 [DEBUG] Decoded (b'alt-svc', b'h3=":443"; ma=86400'), total consumed 24 bytes, indexed True
2026-09-21 15:11:24,227 [DEBUG] receive_response_headers.complete return_value=(200, [(b'date', b'Mon, 21 Sep 2026 13:11:28 GMT'), (b'content-type', b'application/json; charset=utf-8'), (b'content-range', b'0-0/*'), (b'cf-ray', b'a3e950e4484785fe-CDG'), (b'cf-cache-status', b'DYNAMIC'), (b'content-encoding', b'gzip'), (b'content-location', b'/profiles?select=%2A&user_id=eq.922f3246-6176-47f6-9888-6d5439102567'), (b'server', b'cloudflare'), (b'strict-transport-security', b'max-age=31536000; includeSubDomains; preload'), (b'vary', b'Accept-Encoding'), (b'x-content-type-options', b'nosniff'), (b'content-profile', b'public'), (b'sb-gateway-version', b'1'), (b'sb-project-ref', b'zxoohocfruhplrtoimab'), (b'sb-request-id', b'01a0c417-cab1-76ed-a153-593070eed392'), (b'x-envoy-attempt-count', b'1'), (b'x-envoy-upstream-service-time', b'18'), (b'set-cookie', b'__cf_bm=4lyJ.TUafurFW3vPBkM_j0Ciup9rKU1kyPU8SF84iAo-1789996288.6835332-1.0.1.1-ZRTedTtOFedfjLVkbQC85zzZLrou4_JtdFbJqoPxlBWYrwtkuyKufpy8qDYn9G7LmckIs2KXNLkM.AHz58_0eHb0FuVsws_rcUToXXi4aQK7fZ6QrxYqmhL4HtR3ysUy; HttpOnly; SameSite=None; Secure; Path=/; Domain=supabase.co; Expires=Mon, 21 Sep 2026 13:41:28 GMT'), (b'alt-svc', b'h3=":443"; ma=86400')])
2026-09-21 15:11:24,228 [INFO] HTTP Request: GET https://zxoohocfruhplrtoimab.supabase.co/rest/v1/profiles?select=%2A&user_id=eq.922f3246-6176-47f6-9888-6d5439102567 "HTTP/2 200 OK"
2026-09-21 15:11:24,228 [DEBUG] receive_response_body.started request=<Request [b'GET']> stream_id=1
2026-09-21 15:11:24,228 [DEBUG] receive_response_body.complete
2026-09-21 15:11:24,228 [DEBUG] response_closed.started stream_id=1
2026-09-21 15:11:24,229 [DEBUG] response_closed.complete
2026-09-21 15:11:27,176 [DEBUG] send_request_headers.started request=<Request [b'POST']> stream_id=3
2026-09-21 15:11:27,177 [DEBUG] Adding b':method'=b'POST' to the header table, sensitive:False, huffman:True
2026-09-21 15:11:27,177 [DEBUG] Encoding 3 with 7 bits
2026-09-21 15:11:27,177 [DEBUG] Adding b':authority'=b'zxoohocfruhplrtoimab.supabase.co' to the header table, sensitive:False, huffman:True
2026-09-21 15:11:27,177 [DEBUG] Encoding 69 with 7 bits
2026-09-21 15:11:27,177 [DEBUG] Adding b':scheme'=b'https' to the header table, sensitive:False, huffman:True
2026-09-21 15:11:27,177 [DEBUG] Encoding 7 with 7 bits
2026-09-21 15:11:27,177 [DEBUG] Adding b':path'=b'/rest/v1/profiles' to the header table, sensitive:False, huffman:True
2026-09-21 15:11:27,177 [DEBUG] Encoding 4 with 6 bits
2026-09-21 15:11:27,178 [DEBUG] Encoding 12 with 7 bits
2026-09-21 15:11:27,178 [DEBUG] Adding b'accept'=b'*/*' to the header table, sensitive:False, huffman:True
2026-09-21 15:11:27,178 [DEBUG] Encoding 68 with 7 bits
2026-09-21 15:11:27,178 [DEBUG] Adding b'accept-encoding'=b'gzip, deflate' to the header table, sensitive:False, huffman:True
2026-09-21 15:11:27,178 [DEBUG] Encoding 16 with 7 bits
2026-09-21 15:11:27,178 [DEBUG] Adding b'user-agent'=b'python-httpx/0.28.1' to the header table, sensitive:False, huffman:True
2026-09-21 15:11:27,178 [DEBUG] Encoding 67 with 7 bits
2026-09-21 15:11:27,178 [DEBUG] Adding b'prefer'=b'return=representation,resolution=merge-duplicates' to the header table, sensitive:False, huffman:True
2026-09-21 15:11:27,179 [DEBUG] Encoding 5 with 7 bits
2026-09-21 15:11:27,179 [DEBUG] Encoding 34 with 7 bits
2026-09-21 15:11:27,179 [DEBUG] Adding b'x-client-info'=b'supabase-py/2.31.0; platform=Windows; platform-version=11; runtime=python; runtime-version=3.13.0' to the header table, sensitive:False, huffman:True
2026-09-21 15:11:27,179 [DEBUG] Encoding 67 with 7 bits
2026-09-21 15:11:27,179 [DEBUG] Adding b'apikey'=b'sb_publishable_DFTp79O8QeDPqjBZziJvFg_QR6XXJpl' to the header table, sensitive:False, huffman:True
2026-09-21 15:11:27,179 [DEBUG] Encoding 66 with 7 bits
2026-09-21 15:11:27,179 [DEBUG] Adding b'authorization'=b'SENSITIVE_REDACTED' to the header table, sensitive:True, huffman:True
2026-09-21 15:11:27,179 [DEBUG] Encoding 23 with 4 bits
2026-09-21 15:11:27,179 [DEBUG] Encoding 42 with 7 bits
2026-09-21 15:11:27,179 [DEBUG] Adding b'accept-profile'=b'public' to the header table, sensitive:False, huffman:True
2026-09-21 15:11:27,180 [DEBUG] Encoding 65 with 7 bits
2026-09-21 15:11:27,180 [DEBUG] Adding b'content-profile'=b'public' to the header table, sensitive:False, huffman:True
2026-09-21 15:11:27,180 [DEBUG] Encoding 64 with 7 bits
2026-09-21 15:11:27,180 [DEBUG] Adding b'cookie'=b'__cf_bm=4lyJ.TUafurFW3vPBkM_j0Ciup9rKU1kyPU8SF84iAo-1789996288.6835332-1.0.1.1-ZRTedTtOFedfjLVkbQC85zzZLrou4_JtdFbJqoPxlBWYrwtkuyKufpy8qDYn9G7LmckIs2KXNLkM.AHz58_0eHb0FuVsws_rcUToXXi4aQK7fZ6QrxYqmhL4HtR3ysUy' to the header table, sensitive:False, huffman:True
2026-09-21 15:11:27,181 [DEBUG] Encoding 32 with 6 bits
2026-09-21 15:11:27,181 [DEBUG] Encoding 163 with 7 bits
2026-09-21 15:11:27,181 [DEBUG] Adding b'content-length'=b'213' to the header table, sensitive:False, huffman:True
2026-09-21 15:11:27,181 [DEBUG] Encoding 28 with 6 bits
2026-09-21 15:11:27,181 [DEBUG] Encoding 2 with 7 bits
2026-09-21 15:11:27,181 [DEBUG] Adding b'content-type'=b'application/json' to the header table, sensitive:False, huffman:True
2026-09-21 15:11:27,181 [DEBUG] Encoding 31 with 6 bits
2026-09-21 15:11:27,181 [DEBUG] Encoding 11 with 7 bits
2026-09-21 15:11:27,182 [DEBUG] Encoded header block to b'\x83\xc5\x87D\x8cb\xc2\xa1,w\x0b\x15\xd8yMAQ\xc4\x90\xc3@\x85\xae\xc2\xca[?\xa2\xb0\xa9\xb6\xca\xa0\xb0\xb5\xd8T\x16\xa4\x8d&=_V\x15\x07\xa2\xd4\x98\xf5AIl\x98\xabImt\x18\x83IQ\xc3\xc2\x1f\x08\xaa\xbaQ\xd8[\x14DqWlt\x19\x13\x8e:\x0b\x15\xfc;\xebu\xfdOl-\xfd}\xba]\xfd\xf6l\xbd\xf0\xcd\x16\xcd\xae~~e\xae\x8f\xc1\xc0`\xff$\x8a"K\x14t\xc0\xd5\x1e\xb2\xaf\xbf\x80\xe5\xb6\xcc<\x99\xef\xae\xef]\x11t\x05\xe3[[\xf6f\xe0\x1e\xbe\xb5\xf0{v\x17\x9a4\'X.\xbc\xfb\xef\xb8\'\x9e]\xc7\x99m\x96D\xb0W\x02\xe1\\+~\xed\xdeY7\xa7V\x12\xc9/L\xfcz\xc7\xb2\xf3\xcd\xfb\xf7\xfb\x9e\xc3\xda\xd4YS&\x18\xf2\xf6>\xbf4]\xe5\xce\xcf\t\xebo\xac\xd6\xcb_\xa7\xbb_\xe7S\xf8\x9d\xcfI:\xe4@\xb3~i\xcf\xd7B\xf0\xe3\xf6\xdb\xd1\x00\xb8\xe3\x06\x1bx\xa3\xc2"\xb0\x9c7\x9f\xf3\xf0\xcd\x0ffge\xfdse\x9ey\xf6\xa6|\xedcN\xd6}#\x87\xaf\\\x82\x10Y_\x8b\x1du\xd0b\r&=LtA\xea'
2026-09-21 15:11:27,182 [DEBUG] send_request_headers.complete
2026-09-21 15:11:27,182 [DEBUG] send_request_body.started request=<Request [b'POST']> stream_id=3
2026-09-21 15:11:27,182 [DEBUG] send_request_body.complete
2026-09-21 15:11:27,183 [DEBUG] receive_response_headers.started request=<Request [b'POST']> stream_id=3
2026-09-21 15:11:27,234 [DEBUG] Decoding b'\x88a\x96\xd0z\xbe\x94\x10T\xdcZ\xd4\x10\x04\xe2\x81f\xe0Cq\x90\xa9\x8bF\xff\xd0^\x03*/*\x7f\x10\x8f\x1b%}\xb0J\xebq\x92W\x9b\x94\xab^\xbf\x8b\xcf\xce\xcc\xcb\xca\xc9\xc8@\x8d\xae\xc2\xca[\x0bQ\n\xb0\xeb\xae\x83\x16O\xa3\xb0\xa8=\x16\xa4\xc7\xaa\nKd\xc5ZKk\xa0\xc4\x1aJ\x8f\xa5,*m\xb2\xa8,-v\x15\x05\xa9#I\x8fW\xc8\xc7\x7f\x07\x9a\x00F\x024\x17V\x91\xc7\xddY\xd2\x80K\x0c$}f\xc4\x19\x1e\x94\xb1\xc8\xd3.\xff\xc6\x7f\x06\x014\xc4'
2026-09-21 15:11:27,234 [DEBUG] Decoded 8, consumed 1 bytes
2026-09-21 15:11:27,234 [DEBUG] Decoded (b':status', b'200'), consumed 1
2026-09-21 15:11:27,235 [DEBUG] Decoded 33, consumed 1 bytes
2026-09-21 15:11:27,235 [DEBUG] Decoded 22, consumed 1 bytes
2026-09-21 15:11:27,235 [DEBUG] Decoded (b'date', b'Mon, 21 Sep 2026 13:11:31 GMT'), total consumed 24 bytes, indexed True
2026-09-21 15:11:27,235 [DEBUG] Decoded 80, consumed 1 bytes
2026-09-21 15:11:27,235 [DEBUG] Decoded (b'content-type', b'application/json; charset=utf-8'), consumed 1
2026-09-21 15:11:27,235 [DEBUG] Decoded 30, consumed 1 bytes
2026-09-21 15:11:27,235 [DEBUG] Decoded 3, consumed 1 bytes
2026-09-21 15:11:27,236 [DEBUG] Decoded (b'content-range', b'*/*'), total consumed 5 bytes, indexed True
2026-09-21 15:11:27,236 [DEBUG] Decoded 79, consumed 2 bytes
2026-09-21 15:11:27,236 [DEBUG] Decoded 15, consumed 1 bytes
2026-09-21 15:11:27,236 [DEBUG] Decoded (b'cf-ray', b'a3e950f75bcf85fe-CDG'), total consumed 18 bytes, indexed True
2026-09-21 15:11:27,236 [DEBUG] Decoded 79, consumed 1 bytes
2026-09-21 15:11:27,236 [DEBUG] Decoded (b'cf-cache-status', b'DYNAMIC'), consumed 1
2026-09-21 15:11:27,236 [DEBUG] Decoded 78, consumed 1 bytes
2026-09-21 15:11:27,236 [DEBUG] Decoded (b'content-encoding', b'gzip'), consumed 1
2026-09-21 15:11:27,236 [DEBUG] Decoded 76, consumed 1 bytes
2026-09-21 15:11:27,236 [DEBUG] Decoded (b'server', b'cloudflare'), consumed 1
2026-09-21 15:11:27,237 [DEBUG] Decoded 75, consumed 1 bytes
2026-09-21 15:11:27,237 [DEBUG] Decoded (b'strict-transport-security', b'max-age=31536000; includeSubDomains; preload'), consumed 1
2026-09-21 15:11:27,237 [DEBUG] Decoded 74, consumed 1 bytes
2026-09-21 15:11:27,237 [DEBUG] Decoded (b'vary', b'Accept-Encoding'), consumed 1
2026-09-21 15:11:27,237 [DEBUG] Decoded 73, consumed 1 bytes
2026-09-21 15:11:27,237 [DEBUG] Decoded (b'x-content-type-options', b'nosniff'), consumed 1
2026-09-21 15:11:27,237 [DEBUG] Decoded 72, consumed 1 bytes
2026-09-21 15:11:27,237 [DEBUG] Decoded (b'content-profile', b'public'), consumed 1
2026-09-21 15:11:27,237 [DEBUG] Decoded 13, consumed 1 bytes
2026-09-21 15:11:27,238 [DEBUG] Decoded 35, consumed 1 bytes
2026-09-21 15:11:27,238 [DEBUG] Decoded (b'preference-applied', b'resolution=merge-duplicates, return=representation'), total consumed 51 bytes, indexed True
2026-09-21 15:11:27,238 [DEBUG] Decoded 72, consumed 1 bytes
2026-09-21 15:11:27,238 [DEBUG] Decoded (b'sb-gateway-version', b'1'), consumed 1
2026-09-21 15:11:27,238 [DEBUG] Decoded 71, consumed 1 bytes
2026-09-21 15:11:27,238 [DEBUG] Decoded (b'sb-project-ref', b'zxoohocfruhplrtoimab'), consumed 1
2026-09-21 15:11:27,238 [DEBUG] Decoded 70, consumed 2 bytes
2026-09-21 15:11:27,238 [DEBUG] Decoded 26, consumed 1 bytes
2026-09-21 15:11:27,238 [DEBUG] Decoded (b'sb-request-id', b'01a0c417-d697-7e02-a1c9-521d8febd437'), total consumed 29 bytes, indexed True
2026-09-21 15:11:27,238 [DEBUG] Decoded 70, consumed 1 bytes
2026-09-21 15:11:27,238 [DEBUG] Decoded (b'x-envoy-attempt-count', b'1'), consumed 1
2026-09-21 15:11:27,239 [DEBUG] Decoded 69, consumed 2 bytes
2026-09-21 15:11:27,239 [DEBUG] Decoded 1, consumed 1 bytes
2026-09-21 15:11:27,239 [DEBUG] Decoded (b'x-envoy-upstream-service-time', b'4'), total consumed 4 bytes, indexed True
2026-09-21 15:11:27,239 [DEBUG] Decoded 68, consumed 1 bytes
2026-09-21 15:11:27,239 [DEBUG] Decoded (b'alt-svc', b'h3=":443"; ma=86400'), consumed 1
2026-09-21 15:11:27,239 [DEBUG] receive_response_headers.complete return_value=(200, [(b'date', b'Mon, 21 Sep 2026 13:11:31 GMT'), (b'content-type', b'application/json; charset=utf-8'), (b'content-range', b'*/*'), (b'cf-ray', b'a3e950f75bcf85fe-CDG'), (b'cf-cache-status', b'DYNAMIC'), (b'content-encoding', b'gzip'), (b'server', b'cloudflare'), (b'strict-transport-security', b'max-age=31536000; includeSubDomains; preload'), (b'vary', b'Accept-Encoding'), (b'x-content-type-options', b'nosniff'), (b'content-profile', b'public'), (b'preference-applied', b'resolution=merge-duplicates, return=representation'), (b'sb-gateway-version', b'1'), (b'sb-project-ref', b'zxoohocfruhplrtoimab'), (b'sb-request-id', b'01a0c417-d697-7e02-a1c9-521d8febd437'), (b'x-envoy-attempt-count', b'1'), (b'x-envoy-upstream-service-time', b'4'), (b'alt-svc', b'h3=":443"; ma=86400')])
2026-09-21 15:11:27,240 [INFO] HTTP Request: POST https://zxoohocfruhplrtoimab.supabase.co/rest/v1/profiles "HTTP/2 200 OK"
2026-09-21 15:11:27,240 [DEBUG] receive_response_body.started request=<Request [b'POST']> stream_id=3
2026-09-21 15:11:27,240 [DEBUG] receive_response_body.complete
2026-09-21 15:11:27,240 [DEBUG] response_closed.started stream_id=3
2026-09-21 15:11:27,240 [DEBUG] response_closed.complete
2026-09-21 15:11:27,255 [DEBUG] send_request_headers.started request=<Request [b'GET']> stream_id=5
2026-09-21 15:11:27,255 [DEBUG] Adding b':method'=b'GET' to the header table, sensitive:False, huffman:True
2026-09-21 15:11:27,255 [DEBUG] Encoding 2 with 7 bits
2026-09-21 15:11:27,255 [DEBUG] Adding b':authority'=b'zxoohocfruhplrtoimab.supabase.co' to the header table, sensitive:False, huffman:True
2026-09-21 15:11:27,256 [DEBUG] Encoding 74 with 7 bits
2026-09-21 15:11:27,256 [DEBUG] Adding b':scheme'=b'https' to the header table, sensitive:False, huffman:True
2026-09-21 15:11:27,256 [DEBUG] Encoding 7 with 7 bits
2026-09-21 15:11:27,256 [DEBUG] Adding b':path'=b'/rest/v1/profiles?select=%2A&user_id=eq.922f3246-6176-47f6-9888-6d5439102567' to the header table, sensitive:False, huffman:True
2026-09-21 15:11:27,256 [DEBUG] Encoding 73 with 7 bits
2026-09-21 15:11:27,256 [DEBUG] Adding b'accept'=b'*/*' to the header table, sensitive:False, huffman:True
2026-09-21 15:11:27,257 [DEBUG] Encoding 72 with 7 bits
2026-09-21 15:11:27,257 [DEBUG] Adding b'accept-encoding'=b'gzip, deflate' to the header table, sensitive:False, huffman:True
2026-09-21 15:11:27,257 [DEBUG] Encoding 16 with 7 bits
2026-09-21 15:11:27,257 [DEBUG] Adding b'user-agent'=b'python-httpx/0.28.1' to the header table, sensitive:False, huffman:True
2026-09-21 15:11:27,257 [DEBUG] Encoding 71 with 7 bits
2026-09-21 15:11:27,257 [DEBUG] Adding b'x-client-info'=b'supabase-py/2.31.0; platform=Windows; platform-version=11; runtime=python; runtime-version=3.13.0' to the header table, sensitive:False, huffman:True
2026-09-21 15:11:27,258 [DEBUG] Encoding 70 with 7 bits
2026-09-21 15:11:27,258 [DEBUG] Adding b'apikey'=b'sb_publishable_DFTp79O8QeDPqjBZziJvFg_QR6XXJpl' to the header table, sensitive:False, huffman:True
2026-09-21 15:11:27,258 [DEBUG] Encoding 69 with 7 bits
2026-09-21 15:11:27,258 [DEBUG] Adding b'authorization'=b'SENSITIVE_REDACTED' to the header table, sensitive:True, huffman:True
2026-09-21 15:11:27,258 [DEBUG] Encoding 23 with 4 bits
2026-09-21 15:11:27,258 [DEBUG] Encoding 42 with 7 bits
2026-09-21 15:11:27,258 [DEBUG] Adding b'accept-profile'=b'public' to the header table, sensitive:False, huffman:True
2026-09-21 15:11:27,259 [DEBUG] Encoding 68 with 7 bits
2026-09-21 15:11:27,259 [DEBUG] Adding b'content-profile'=b'public' to the header table, sensitive:False, huffman:True
2026-09-21 15:11:27,259 [DEBUG] Encoding 67 with 7 bits
2026-09-21 15:11:27,259 [DEBUG] Adding b'cookie'=b'__cf_bm=4lyJ.TUafurFW3vPBkM_j0Ciup9rKU1kyPU8SF84iAo-1789996288.6835332-1.0.1.1-ZRTedTtOFedfjLVkbQC85zzZLrou4_JtdFbJqoPxlBWYrwtkuyKufpy8qDYn9G7LmckIs2KXNLkM.AHz58_0eHb0FuVsws_rcUToXXi4aQK7fZ6QrxYqmhL4HtR3ysUy' to the header table, sensitive:False, huffman:True
2026-09-21 15:11:27,259 [DEBUG] Encoding 64 with 7 bits
2026-09-21 15:11:27,259 [DEBUG] Encoded header block to b'\x82\xca\x87\xc9\xc8\x90\xc7\xc6\xc5\x1f\x08\xaa\xbaQ\xd8[\x14DqWlt\x19\x13\x8e:\x0b\x15\xfc;\xebu\xfdOl-\xfd}\xba]\xfd\xf6l\xbd\xf0\xcd\x16\xcd\xae~~e\xae\x8f\xc4\xc3\xc0'
2026-09-21 15:11:27,260 [DEBUG] send_request_headers.complete
2026-09-21 15:11:27,260 [DEBUG] send_request_body.started request=<Request [b'GET']> stream_id=5
2026-09-21 15:11:27,260 [DEBUG] send_request_body.complete
2026-09-21 15:11:27,260 [DEBUG] receive_response_headers.started request=<Request [b'GET']> stream_id=5
2026-09-21 15:11:27,321 [DEBUG] Decoding b'\x88\xc3\xd5\xd4\x7f\x14\x8f\x1b%}\xb0J\xe9$y\xd7\x9b\x94\xab^\xbf\x8b\xd3\xd2\xd1\xd0\xcf\xce\xcd\xcc\xcb\xca\x7f\n\x99\x00F\x024\x17V\x91\xc2\xb6\xb3\xa2\x10\x96|\xa3y`\x967\x0b\x1b\xad\x90\x8e\xb9\xc9\x7f\t\x011\xc7'
2026-09-21 15:11:27,321 [DEBUG] Decoded 8, consumed 1 bytes
2026-09-21 15:11:27,322 [DEBUG] Decoded (b':status', b'200'), consumed 1
2026-09-21 15:11:27,322 [DEBUG] Decoded 67, consumed 1 bytes
2026-09-21 15:11:27,322 [DEBUG] Decoded (b'date', b'Mon, 21 Sep 2026 13:11:31 GMT'), consumed 1
2026-09-21 15:11:27,322 [DEBUG] Decoded 85, consumed 1 bytes
2026-09-21 15:11:27,322 [DEBUG] Decoded (b'content-type', b'application/json; charset=utf-8'), consumed 1
2026-09-21 15:11:27,322 [DEBUG] Decoded 84, consumed 1 bytes
2026-09-21 15:11:27,322 [DEBUG] Decoded (b'content-range', b'0-0/*'), consumed 1
2026-09-21 15:11:27,322 [DEBUG] Decoded 83, consumed 2 bytes
2026-09-21 15:11:27,323 [DEBUG] Decoded 15, consumed 1 bytes
2026-09-21 15:11:27,323 [DEBUG] Decoded (b'cf-ray', b'a3e950f7cd8785fe-CDG'), total consumed 18 bytes, indexed True
2026-09-21 15:11:27,323 [DEBUG] Decoded 83, consumed 1 bytes
2026-09-21 15:11:27,323 [DEBUG] Decoded (b'cf-cache-status', b'DYNAMIC'), consumed 1
2026-09-21 15:11:27,323 [DEBUG] Decoded 82, consumed 1 bytes
2026-09-21 15:11:27,323 [DEBUG] Decoded (b'content-encoding', b'gzip'), consumed 1
2026-09-21 15:11:27,323 [DEBUG] Decoded 81, consumed 1 bytes
2026-09-21 15:11:27,323 [DEBUG] Decoded (b'content-location', b'/profiles?select=%2A&user_id=eq.922f3246-6176-47f6-9888-6d5439102567'), consumed 1
2026-09-21 15:11:27,323 [DEBUG] Decoded 80, consumed 1 bytes
2026-09-21 15:11:27,323 [DEBUG] Decoded (b'server', b'cloudflare'), consumed 1
2026-09-21 15:11:27,324 [DEBUG] Decoded 79, consumed 1 bytes
2026-09-21 15:11:27,324 [DEBUG] Decoded (b'strict-transport-security', b'max-age=31536000; includeSubDomains; preload'), consumed 1
2026-09-21 15:11:27,324 [DEBUG] Decoded 78, consumed 1 bytes
2026-09-21 15:11:27,324 [DEBUG] Decoded (b'vary', b'Accept-Encoding'), consumed 1
2026-09-21 15:11:27,324 [DEBUG] Decoded 77, consumed 1 bytes
2026-09-21 15:11:27,324 [DEBUG] Decoded (b'x-content-type-options', b'nosniff'), consumed 1
2026-09-21 15:11:27,324 [DEBUG] Decoded 76, consumed 1 bytes
2026-09-21 15:11:27,324 [DEBUG] Decoded (b'content-profile', b'public'), consumed 1
2026-09-21 15:11:27,324 [DEBUG] Decoded 75, consumed 1 bytes
2026-09-21 15:11:27,324 [DEBUG] Decoded (b'sb-gateway-version', b'1'), consumed 1
2026-09-21 15:11:27,324 [DEBUG] Decoded 74, consumed 1 bytes
2026-09-21 15:11:27,324 [DEBUG] Decoded (b'sb-project-ref', b'zxoohocfruhplrtoimab'), consumed 1
2026-09-21 15:11:27,325 [DEBUG] Decoded 73, consumed 2 bytes
2026-09-21 15:11:27,325 [DEBUG] Decoded 25, consumed 1 bytes
2026-09-21 15:11:27,325 [DEBUG] Decoded (b'sb-request-id', b'01a0c417-d6e5-7222-9ea8-1eb6eb75cc76'), total consumed 28 bytes, indexed True
2026-09-21 15:11:27,325 [DEBUG] Decoded 73, consumed 1 bytes
2026-09-21 15:11:27,325 [DEBUG] Decoded (b'x-envoy-attempt-count', b'1'), consumed 1
2026-09-21 15:11:27,325 [DEBUG] Decoded 72, consumed 2 bytes
2026-09-21 15:11:27,325 [DEBUG] Decoded 1, consumed 1 bytes
2026-09-21 15:11:27,325 [DEBUG] Decoded (b'x-envoy-upstream-service-time', b'1'), total consumed 4 bytes, indexed True
2026-09-21 15:11:27,325 [DEBUG] Decoded 71, consumed 1 bytes
2026-09-21 15:11:27,325 [DEBUG] Decoded (b'alt-svc', b'h3=":443"; ma=86400'), consumed 1
2026-09-21 15:11:27,326 [DEBUG] receive_response_headers.complete return_value=(200, [(b'date', b'Mon, 21 Sep 2026 13:11:31 GMT'), (b'content-type', b'application/json; charset=utf-8'), (b'content-range', b'0-0/*'), (b'cf-ray', b'a3e950f7cd8785fe-CDG'), (b'cf-cache-status', b'DYNAMIC'), (b'content-encoding', b'gzip'), (b'content-location', b'/profiles?select=%2A&user_id=eq.922f3246-6176-47f6-9888-6d5439102567'), (b'server', b'cloudflare'), (b'strict-transport-security', b'max-age=31536000; includeSubDomains; preload'), (b'vary', b'Accept-Encoding'), (b'x-content-type-options', b'nosniff'), (b'content-profile', b'public'), (b'sb-gateway-version', b'1'), (b'sb-project-ref', b'zxoohocfruhplrtoimab'), (b'sb-request-id', b'01a0c417-d6e5-7222-9ea8-1eb6eb75cc76'), (b'x-envoy-attempt-count', b'1'), (b'x-envoy-upstream-service-time', b'1'), (b'alt-svc', b'h3=":443"; ma=86400')])
2026-09-21 15:11:27,326 [INFO] HTTP Request: GET https://zxoohocfruhplrtoimab.supabase.co/rest/v1/profiles?select=%2A&user_id=eq.922f3246-6176-47f6-9888-6d5439102567 "HTTP/2 200 OK"
2026-09-21 15:11:27,326 [DEBUG] receive_response_body.started request=<Request [b'GET']> stream_id=5
2026-09-21 15:11:27,326 [DEBUG] receive_response_body.complete
2026-09-21 15:11:27,327 [DEBUG] response_closed.started stream_id=5
2026-09-21 15:11:27,327 [DEBUG] response_closed.complete
